/home/rec_robot/recycle/keras/testing/1_52.png 1
/home/rec_robot/recycle/keras/testing/3_5.png 3
/home/rec_robot/recycle/keras/testing/1_20.png 1
/home/rec_robot/recycle/keras/testing/1_57.png 1
/home/rec_robot/recycle/keras/testing/3_23.png 3
/home/rec_robot/recycle/keras/testing/0_23.png 0
/home/rec_robot/recycle/keras/testing/3_20.png 3
/home/rec_robot/recycle/keras/testing/1_27.png 1
/home/rec_robot/recycle/keras/testing/1_25.png 1
/home/rec_robot/recycle/keras/testing/0_25.png 0
/home/rec_robot/recycle/keras/testing/1_47.png 1
/home/rec_robot/recycle/keras/testing/3_14.png 3
/home/rec_robot/recycle/keras/testing/1_32.png 1
/home/rec_robot/recycle/keras/testing/0_27.png 0
/home/rec_robot/recycle/keras/testing/3_13.png 3
/home/rec_robot/recycle/keras/testing/1_38.png 1
/home/rec_robot/recycle/keras/testing/1_41.png 1
/home/rec_robot/recycle/keras/testing/1_59.png 1
/home/rec_robot/recycle/keras/testing/3_6.png 3
/home/rec_robot/recycle/keras/testing/0_14.png 0
/home/rec_robot/recycle/keras/testing/0_1.png 0
/home/rec_robot/recycle/keras/testing/1_53.png 1
/home/rec_robot/recycle/keras/testing/3_8.png 3
/home/rec_robot/recycle/keras/testing/3_18.png 3
/home/rec_robot/recycle/keras/testing/1_18.png 1
/home/rec_robot/recycle/keras/testing/1_15.png 1
/home/rec_robot/recycle/keras/testing/3_9.png 3
/home/rec_robot/recycle/keras/testing/0_10.png 0
/home/rec_robot/recycle/keras/testing/3_22.png 3
/home/rec_robot/recycle/keras/testing/0_5.png 0
/home/rec_robot/recycle/keras/testing/1_36.png 1
/home/rec_robot/recycle/keras/testing/1_60.png 1
/home/rec_robot/recycle/keras/testing/0_11.png 0
/home/rec_robot/recycle/keras/testing/1_16.png 1
/home/rec_robot/recycle/keras/testing/3_15.png 3
/home/rec_robot/recycle/keras/testing/1_33.png 1
/home/rec_robot/recycle/keras/testing/1_35.png 1
/home/rec_robot/recycle/keras/testing/1_29.png 1
/home/rec_robot/recycle/keras/testing/0_4.png 0
/home/rec_robot/recycle/keras/testing/3_2.png 3
/home/rec_robot/recycle/keras/testing/1_7.png 1
/home/rec_robot/recycle/keras/testing/0_16.png 0
/home/rec_robot/recycle/keras/testing/1_55.png 1
/home/rec_robot/recycle/keras/testing/3_17.png 3
/home/rec_robot/recycle/keras/testing/1_44.png 1
/home/rec_robot/recycle/keras/testing/0_9.png 0
/home/rec_robot/recycle/keras/testing/1_19.png 1
/home/rec_robot/recycle/keras/testing/4_1.png 4
/home/rec_robot/recycle/keras/testing/1_24.png 1
/home/rec_robot/recycle/keras/testing/4_4.png 4
/home/rec_robot/recycle/keras/testing/3_10.png 3
/home/rec_robot/recycle/keras/testing/4_3.png 4
/home/rec_robot/recycle/keras/testing/1_51.png 1
/home/rec_robot/recycle/keras/testing/3_7.png 3
/home/rec_robot/recycle/keras/testing/1_31.png 1
/home/rec_robot/recycle/keras/testing/1_8.png 1
/home/rec_robot/recycle/keras/testing/0_8.png 0
/home/rec_robot/recycle/keras/testing/1_9.png 1
/home/rec_robot/recycle/keras/testing/3_19.png 3
/home/rec_robot/recycle/keras/testing/0_20.png 0
/home/rec_robot/recycle/keras/testing/1_17.png 1
/home/rec_robot/recycle/keras/testing/1_42.png 1
/home/rec_robot/recycle/keras/testing/1_5.png 1
/home/rec_robot/recycle/keras/testing/1_21.png 1
/home/rec_robot/recycle/keras/testing/1_46.png 1
/home/rec_robot/recycle/keras/testing/1_2.png 1
/home/rec_robot/recycle/keras/testing/1_1.png 1
/home/rec_robot/recycle/keras/testing/1_37.png 1
/home/rec_robot/recycle/keras/testing/3_4.png 3
/home/rec_robot/recycle/keras/testing/1_56.png 1
/home/rec_robot/recycle/keras/testing/0_13.png 0
/home/rec_robot/recycle/keras/testing/1_45.png 1
/home/rec_robot/recycle/keras/testing/1_6.png 1
/home/rec_robot/recycle/keras/testing/0_17.png 0
/home/rec_robot/recycle/keras/testing/0_18.png 0
/home/rec_robot/recycle/keras/testing/0_28.png 0
/home/rec_robot/recycle/keras/testing/1_23.png 1
/home/rec_robot/recycle/keras/testing/1_28.png 1
/home/rec_robot/recycle/keras/testing/0_24.png 0
/home/rec_robot/recycle/keras/testing/1_58.png 1
/home/rec_robot/recycle/keras/testing/4_5.png 4
/home/rec_robot/recycle/keras/testing/1_3.png 1
/home/rec_robot/recycle/keras/testing/1_54.png 1
/home/rec_robot/recycle/keras/testing/4_2.png 4
/home/rec_robot/recycle/keras/testing/1_4.png 1
/home/rec_robot/recycle/keras/testing/0_21.png 0
/home/rec_robot/recycle/keras/testing/1_13.png 1
/home/rec_robot/recycle/keras/testing/0_26.png 0
/home/rec_robot/recycle/keras/testing/1_49.png 1
/home/rec_robot/recycle/keras/testing/1_22.png 1
/home/rec_robot/recycle/keras/testing/1_39.png 1
/home/rec_robot/recycle/keras/testing/1_50.png 1
/home/rec_robot/recycle/keras/testing/0_15.png 0
/home/rec_robot/recycle/keras/testing/3_12.png 3
/home/rec_robot/recycle/keras/testing/3_21.png 3
/home/rec_robot/recycle/keras/testing/0_12.png 0
/home/rec_robot/recycle/keras/testing/0_2.png 0
/home/rec_robot/recycle/keras/testing/1_34.png 1
/home/rec_robot/recycle/keras/testing/3_3.png 3
/home/rec_robot/recycle/keras/testing/0_3.png 0
/home/rec_robot/recycle/keras/testing/3_16.png 3
/home/rec_robot/recycle/keras/testing/1_11.png 1
/home/rec_robot/recycle/keras/testing/1_62.png 1
/home/rec_robot/recycle/keras/testing/1_12.png 1
/home/rec_robot/recycle/keras/testing/0_22.png 0
/home/rec_robot/recycle/keras/testing/1_30.png 1
/home/rec_robot/recycle/keras/testing/1_26.png 1
/home/rec_robot/recycle/keras/testing/0_19.png 0
/home/rec_robot/recycle/keras/testing/1_40.png 1
/home/rec_robot/recycle/keras/testing/0_6.png 0
/home/rec_robot/recycle/keras/testing/1_10.png 1
/home/rec_robot/recycle/keras/testing/1_61.png 1
/home/rec_robot/recycle/keras/testing/3_1.png 3
/home/rec_robot/recycle/keras/testing/1_48.png 1
/home/rec_robot/recycle/keras/testing/1_14.png 1
/home/rec_robot/recycle/keras/testing/0_7.png 0
/home/rec_robot/recycle/keras/testing/3_11.png 3
/home/rec_robot/recycle/keras/testing/1_43.png 1
